10:02:29 **** Incremental Build of configuration Debug for project Bai4_I2C_Realtimeclock ****
make -j12 all 
arm-none-eabi-gcc "../Core/Src/button.c" -mcpu=cortex-m4 -std=gnu11 -g3 -DDEBUG -DUSE_HAL_DRIVER -DSTM32F407xx -c -I../Core/Inc -I../Drivers/STM32F4xx_HAL_Driver/Inc -I../Drivers/STM32F4xx_HAL_Driver/Inc/Legacy -I../Drivers/CMSIS/Device/ST/STM32F4xx/Include -I../Drivers/CMSIS/Include -O0 -ffunction-sections -fdata-sections -Wall -fstack-usage -MMD -MP -MF"Core/Src/button.d" -MT"Core/Src/button.o" --specs=nano.specs -mfpu=fpv4-sp-d16 -mfloat-abi=hard -mthumb -o "Core/Src/button.o"
arm-none-eabi-gcc -o "Bai4_I2C_Realtimeclock.elf" @"objects.list"   -mcpu=cortex-m4 -T"D:\Documents\Github\ES_Lab2\Bai4_I2C_Realtimeclock\STM32F407ZGTX_FLASH.ld" --specs=nosys.specs -Wl,-Map="Bai4_I2C_Realtimeclock.map" -Wl,--gc-sections -static --specs=nano.specs -mfpu=fpv4-sp-d16 -mfloat-abi=hard -mthumb -Wl,--start-group -lc -lm -Wl,--end-group
Finished building target: Bai4_I2C_Realtimeclock.elf
 
arm-none-eabi-size   Bai4_I2C_Realtimeclock.elf 
arm-none-eabi-objdump -h -S  Bai4_I2C_Realtimeclock.elf  > "Bai4_I2C_Realtimeclock.list"
   text	   data	    bss	    dec	    hex	filename
  33044	     24	   1992	  35060	   88f4	Bai4_I2C_Realtimeclock.elf
Finished building: default.size.stdout
 
Finished building: Bai4_I2C_Realtimeclock.list
 
10:02:59 **** Incremental Build of configuration Debug for project Bai4_I2C_Realtimeclock ****
make -j12 all 
arm-none-eabi-size   Bai4_I2C_Realtimeclock.elf 
   text	   data	    bss	    dec	    hex	filename
  33044	     24	   1992	  35060	   88f4	Bai4_I2C_Realtimeclock.elf
Finished building: default.size.stdout
 
10:03:18 **** Incremental Build of configuration Debug for project Bai4_I2C_Realtimeclock ****
make -j12 all 
arm-none-eabi-gcc "../Core/Src/button.c" -mcpu=cortex-m4 -std=gnu11 -g3 -DDEBUG -DUSE_HAL_DRIVER -DSTM32F407xx -c -I../Core/Inc -I../Drivers/STM32F4xx_HAL_Driver/Inc -I../Drivers/STM32F4xx_HAL_Driver/Inc/Legacy -I../Drivers/CMSIS/Device/ST/STM32F4xx/Include -I../Drivers/CMSIS/Include -O0 -ffunction-sections -fdata-sections -Wall -fstack-usage -MMD -MP -MF"Core/Src/button.d" -MT"Core/Src/button.o" --specs=nano.specs -mfpu=fpv4-sp-d16 -mfloat-abi=hard -mthumb -o "Core/Src/button.o"
arm-none-eabi-gcc -o "Bai4_I2C_Realtimeclock.elf" @"objects.list"   -mcpu=cortex-m4 -T"D:\Documents\Github\ES_Lab2\Bai4_I2C_Realtimeclock\STM32F407ZGTX_FLASH.ld" --specs=nosys.specs -Wl,-Map="Bai4_I2C_Realtimeclock.map" -Wl,--gc-sections -static --specs=nano.specs -mfpu=fpv4-sp-d16 -mfloat-abi=hard -mthumb -Wl,--start-group -lc -lm -Wl,--end-group
Finished building target: Bai4_I2C_Realtimeclock.elf
 
arm-none-eabi-size   Bai4_I2C_Realtimeclock.elf 
arm-none-eabi-objdump -h -S  Bai4_I2C_Realtimeclock.elf  > "Bai4_I2C_Realtimeclock.list"
   text	   data	    bss	    dec	    hex	filename
  33044	     24	   1992	  35060	   88f4	Bai4_I2C_Realtimeclock.elf
Finished building: default.size.stdout
 
Finished building: Bai4_I2C_Realtimeclock.list
 
10:04:39 **** Incremental Build of configuration Debug for project Bai4_I2C_Realtimeclock ****
make -j12 all 
arm-none-eabi-size   Bai4_I2C_Realtimeclock.elf 
   text	   data	    bss	    dec	    hex	filename
  33044	     24	   1992	  35060	   88f4	Bai4_I2C_Realtimeclock.elf
Finished building: default.size.stdout
 
10:05:12 **** Incremental Build of configuration Debug for project Bai4_I2C_Realtimeclock ****
make -j12 all 
arm-none-eabi-gcc "../Core/Src/button.c" -mcpu=cortex-m4 -std=gnu11 -g3 -DDEBUG -DUSE_HAL_DRIVER -DSTM32F407xx -c -I../Core/Inc -I../Drivers/STM32F4xx_HAL_Driver/Inc -I../Drivers/STM32F4xx_HAL_Driver/Inc/Legacy -I../Drivers/CMSIS/Device/ST/STM32F4xx/Include -I../Drivers/CMSIS/Include -O0 -ffunction-sections -fdata-sections -Wall -fstack-usage -MMD -MP -MF"Core/Src/button.d" -MT"Core/Src/button.o" --specs=nano.specs -mfpu=fpv4-sp-d16 -mfloat-abi=hard -mthumb -o "Core/Src/button.o"
arm-none-eabi-gcc -o "Bai4_I2C_Realtimeclock.elf" @"objects.list"   -mcpu=cortex-m4 -T"D:\Documents\Github\ES_Lab2\Bai4_I2C_Realtimeclock\STM32F407ZGTX_FLASH.ld" --specs=nosys.specs -Wl,-Map="Bai4_I2C_Realtimeclock.map" -Wl,--gc-sections -static --specs=nano.specs -mfpu=fpv4-sp-d16 -mfloat-abi=hard -mthumb -Wl,--start-group -lc -lm -Wl,--end-group
Finished building target: Bai4_I2C_Realtimeclock.elf
 
arm-none-eabi-size   Bai4_I2C_Realtimeclock.elf 
arm-none-eabi-objdump -h -S  Bai4_I2C_Realtimeclock.elf  > "Bai4_I2C_Realtimeclock.list"
   text	   data	    bss	    dec	    hex	filename
  33044	     24	   1992	  35060	   88f4	Bai4_I2C_Realtimeclock.elf
Finished building: default.size.stdout
 
Finished building: Bai4_I2C_Realtimeclock.list
 
10:05:56 **** Incremental Build of configuration Debug for project Bai4_I2C_Realtimeclock ****
make -j12 all 
arm-none-eabi-gcc "../Core/Src/button.c" -mcpu=cortex-m4 -std=gnu11 -g3 -DDEBUG -DUSE_HAL_DRIVER -DSTM32F407xx -c -I../Core/Inc -I../Drivers/STM32F4xx_HAL_Driver/Inc -I../Drivers/STM32F4xx_HAL_Driver/Inc/Legacy -I../Drivers/CMSIS/Device/ST/STM32F4xx/Include -I../Drivers/CMSIS/Include -O0 -ffunction-sections -fdata-sections -Wall -fstack-usage -MMD -MP -MF"Core/Src/button.d" -MT"Core/Src/button.o" --specs=nano.specs -mfpu=fpv4-sp-d16 -mfloat-abi=hard -mthumb -o "Core/Src/button.o"
arm-none-eabi-gcc -o "Bai4_I2C_Realtimeclock.elf" @"objects.list"   -mcpu=cortex-m4 -T"D:\Documents\Github\ES_Lab2\Bai4_I2C_Realtimeclock\STM32F407ZGTX_FLASH.ld" --specs=nosys.specs -Wl,-Map="Bai4_I2C_Realtimeclock.map" -Wl,--gc-sections -static --specs=nano.specs -mfpu=fpv4-sp-d16 -mfloat-abi=hard -mthumb -Wl,--start-group -lc -lm -Wl,--end-group
Finished building target: Bai4_I2C_Realtimeclock.elf
 
arm-none-eabi-size   Bai4_I2C_Realtimeclock.elf 
arm-none-eabi-objdump -h -S  Bai4_I2C_Realtimeclock.elf  > "Bai4_I2C_Realtimeclock.list"
   text	   data	    bss	    dec	    hex	filename
  33040	     24	   1992	  35056	   88f0	Bai4_I2C_Realtimeclock.elf
Finished building: default.size.stdout
 
Finished building: Bai4_I2C_Realtimeclock.list
 
10:08:06 **** Incremental Build of configuration Debug for project Bai4_I2C_Realtimeclock ****
make -j12 all 
arm-none-eabi-gcc "../Core/Src/button.c" -mcpu=cortex-m4 -std=gnu11 -g3 -DDEBUG -DUSE_HAL_DRIVER -DSTM32F407xx -c -I../Core/Inc -I../Drivers/STM32F4xx_HAL_Driver/Inc -I../Drivers/STM32F4xx_HAL_Driver/Inc/Legacy -I../Drivers/CMSIS/Device/ST/STM32F4xx/Include -I../Drivers/CMSIS/Include -O0 -ffunction-sections -fdata-sections -Wall -fstack-usage -MMD -MP -MF"Core/Src/button.d" -MT"Core/Src/button.o" --specs=nano.specs -mfpu=fpv4-sp-d16 -mfloat-abi=hard -mthumb -o "Core/Src/button.o"
arm-none-eabi-gcc "../Core/Src/main.c" -mcpu=cortex-m4 -std=gnu11 -g3 -DDEBUG -DUSE_HAL_DRIVER -DSTM32F407xx -c -I../Core/Inc -I../Drivers/STM32F4xx_HAL_Driver/Inc -I../Drivers/STM32F4xx_HAL_Driver/Inc/Legacy -I../Drivers/CMSIS/Device/ST/STM32F4xx/Include -I../Drivers/CMSIS/Include -O0 -ffunction-sections -fdata-sections -Wall -fstack-usage -MMD -MP -MF"Core/Src/main.d" -MT"Core/Src/main.o" --specs=nano.specs -mfpu=fpv4-sp-d16 -mfloat-abi=hard -mthumb -o "Core/Src/main.o"
In file included from ../Core/Src/main.c:33:
../Core/Inc/lcd.h:84:17: warning: inline function 'LCD_RD_DATA' declared but never defined
   84 | inline uint16_t LCD_RD_DATA(void);
      |                 ^~~~~~~~~~~
../Core/Inc/lcd.h:83:13: warning: inline function 'LCD_WR_DATA' declared but never defined
   83 | inline void LCD_WR_DATA(uint16_t data);
      |             ^~~~~~~~~~~
arm-none-eabi-gcc -o "Bai4_I2C_Realtimeclock.elf" @"objects.list"   -mcpu=cortex-m4 -T"D:\Documents\Github\ES_Lab2\Bai4_I2C_Realtimeclock\STM32F407ZGTX_FLASH.ld" --specs=nosys.specs -Wl,-Map="Bai4_I2C_Realtimeclock.map" -Wl,--gc-sections -static --specs=nano.specs -mfpu=fpv4-sp-d16 -mfloat-abi=hard -mthumb -Wl,--start-group -lc -lm -Wl,--end-group
Finished building target: Bai4_I2C_Realtimeclock.elf
 
arm-none-eabi-size   Bai4_I2C_Realtimeclock.elf 
arm-none-eabi-objdump -h -S  Bai4_I2C_Realtimeclock.elf  > "Bai4_I2C_Realtimeclock.list"
   text	   data	    bss	    dec	    hex	filename
  33368	     24	   1992	  35384	   8a38	Bai4_I2C_Realtimeclock.elf
Finished building: default.size.stdout
 
Finished building: Bai4_I2C_Realtimeclock.list
 
10:09:47 **** Incremental Build of configuration Debug for project Bai4_I2C_Realtimeclock ****
make -j12 all 
arm-none-eabi-size   Bai4_I2C_Realtimeclock.elf 
   text	   data	    bss	    dec	    hex	filename
  33368	     24	   1992	  35384	   8a38	Bai4_I2C_Realtimeclock.elf
Finished building: default.size.stdout
 
10:11:16 **** Incremental Build of configuration Debug for project Bai4_I2C_Realtimeclock ****
make -j12 all 
arm-none-eabi-gcc "../Core/Src/button.c" -mcpu=cortex-m4 -std=gnu11 -g3 -DDEBUG -DUSE_HAL_DRIVER -DSTM32F407xx -c -I../Core/Inc -I../Drivers/STM32F4xx_HAL_Driver/Inc -I../Drivers/STM32F4xx_HAL_Driver/Inc/Legacy -I../Drivers/CMSIS/Device/ST/STM32F4xx/Include -I../Drivers/CMSIS/Include -O0 -ffunction-sections -fdata-sections -Wall -fstack-usage -MMD -MP -MF"Core/Src/button.d" -MT"Core/Src/button.o" --specs=nano.specs -mfpu=fpv4-sp-d16 -mfloat-abi=hard -mthumb -o "Core/Src/button.o"
arm-none-eabi-gcc -o "Bai4_I2C_Realtimeclock.elf" @"objects.list"   -mcpu=cortex-m4 -T"D:\Documents\Github\ES_Lab2\Bai4_I2C_Realtimeclock\STM32F407ZGTX_FLASH.ld" --specs=nosys.specs -Wl,-Map="Bai4_I2C_Realtimeclock.map" -Wl,--gc-sections -static --specs=nano.specs -mfpu=fpv4-sp-d16 -mfloat-abi=hard -mthumb -Wl,--start-group -lc -lm -Wl,--end-group
Finished building target: Bai4_I2C_Realtimeclock.elf
 
arm-none-eabi-size   Bai4_I2C_Realtimeclock.elf 
arm-none-eabi-objdump -h -S  Bai4_I2C_Realtimeclock.elf  > "Bai4_I2C_Realtimeclock.list"
   text	   data	    bss	    dec	    hex	filename
  33368	     24	   1992	  35384	   8a38	Bai4_I2C_Realtimeclock.elf
Finished building: default.size.stdout
 
Finished building: Bai4_I2C_Realtimeclock.list
 
10:17:13 **** Incremental Build of configuration Debug for project Bai4_I2C_Realtimeclock ****
make -j12 all 
arm-none-eabi-gcc "../Core/Src/button.c" -mcpu=cortex-m4 -std=gnu11 -g3 -DDEBUG -DUSE_HAL_DRIVER -DSTM32F407xx -c -I../Core/Inc -I../Drivers/STM32F4xx_HAL_Driver/Inc -I../Drivers/STM32F4xx_HAL_Driver/Inc/Legacy -I../Drivers/CMSIS/Device/ST/STM32F4xx/Include -I../Drivers/CMSIS/Include -O0 -ffunction-sections -fdata-sections -Wall -fstack-usage -MMD -MP -MF"Core/Src/button.d" -MT"Core/Src/button.o" --specs=nano.specs -mfpu=fpv4-sp-d16 -mfloat-abi=hard -mthumb -o "Core/Src/button.o"
arm-none-eabi-gcc -o "Bai4_I2C_Realtimeclock.elf" @"objects.list"   -mcpu=cortex-m4 -T"D:\Documents\Github\ES_Lab2\Bai4_I2C_Realtimeclock\STM32F407ZGTX_FLASH.ld" --specs=nosys.specs -Wl,-Map="Bai4_I2C_Realtimeclock.map" -Wl,--gc-sections -static --specs=nano.specs -mfpu=fpv4-sp-d16 -mfloat-abi=hard -mthumb -Wl,--start-group -lc -lm -Wl,--end-group
Finished building target: Bai4_I2C_Realtimeclock.elf
 
arm-none-eabi-size   Bai4_I2C_Realtimeclock.elf 
arm-none-eabi-objdump -h -S  Bai4_I2C_Realtimeclock.elf  > "Bai4_I2C_Realtimeclock.list"
   text	   data	    bss	    dec	    hex	filename
  33276	     24	   1992	  35292	   89dc	Bai4_I2C_Realtimeclock.elf
Finished building: default.size.stdout
 
Finished building: Bai4_I2C_Realtimeclock.list
 
10:19:23 **** Incremental Build of configuration Debug for project Bai4_I2C_Realtimeclock ****
make -j12 all 
arm-none-eabi-gcc "../Core/Src/FSM_for_all_system.c" -mcpu=cortex-m4 -std=gnu11 -g3 -DDEBUG -DUSE_HAL_DRIVER -DSTM32F407xx -c -I../Core/Inc -I../Drivers/STM32F4xx_HAL_Driver/Inc -I../Drivers/STM32F4xx_HAL_Driver/Inc/Legacy -I../Drivers/CMSIS/Device/ST/STM32F4xx/Include -I../Drivers/CMSIS/Include -O0 -ffunction-sections -fdata-sections -Wall -fstack-usage -MMD -MP -MF"Core/Src/FSM_for_all_system.d" -MT"Core/Src/FSM_for_all_system.o" --specs=nano.specs -mfpu=fpv4-sp-d16 -mfloat-abi=hard -mthumb -o "Core/Src/FSM_for_all_system.o"
arm-none-eabi-gcc "../Core/Src/button.c" -mcpu=cortex-m4 -std=gnu11 -g3 -DDEBUG -DUSE_HAL_DRIVER -DSTM32F407xx -c -I../Core/Inc -I../Drivers/STM32F4xx_HAL_Driver/Inc -I../Drivers/STM32F4xx_HAL_Driver/Inc/Legacy -I../Drivers/CMSIS/Device/ST/STM32F4xx/Include -I../Drivers/CMSIS/Include -O0 -ffunction-sections -fdata-sections -Wall -fstack-usage -MMD -MP -MF"Core/Src/button.d" -MT"Core/Src/button.o" --specs=nano.specs -mfpu=fpv4-sp-d16 -mfloat-abi=hard -mthumb -o "Core/Src/button.o"
arm-none-eabi-gcc "../Core/Src/main.c" -mcpu=cortex-m4 -std=gnu11 -g3 -DDEBUG -DUSE_HAL_DRIVER -DSTM32F407xx -c -I../Core/Inc -I../Drivers/STM32F4xx_HAL_Driver/Inc -I../Drivers/STM32F4xx_HAL_Driver/Inc/Legacy -I../Drivers/CMSIS/Device/ST/STM32F4xx/Include -I../Drivers/CMSIS/Include -O0 -ffunction-sections -fdata-sections -Wall -fstack-usage -MMD -MP -MF"Core/Src/main.d" -MT"Core/Src/main.o" --specs=nano.specs -mfpu=fpv4-sp-d16 -mfloat-abi=hard -mthumb -o "Core/Src/main.o"
arm-none-eabi-gcc "../Core/Src/software_timer.c" -mcpu=cortex-m4 -std=gnu11 -g3 -DDEBUG -DUSE_HAL_DRIVER -DSTM32F407xx -c -I../Core/Inc -I../Drivers/STM32F4xx_HAL_Driver/Inc -I../Drivers/STM32F4xx_HAL_Driver/Inc/Legacy -I../Drivers/CMSIS/Device/ST/STM32F4xx/Include -I../Drivers/CMSIS/Include -O0 -ffunction-sections -fdata-sections -Wall -fstack-usage -MMD -MP -MF"Core/Src/software_timer.d" -MT"Core/Src/software_timer.o" --specs=nano.specs -mfpu=fpv4-sp-d16 -mfloat-abi=hard -mthumb -o "Core/Src/software_timer.o"
arm-none-eabi-gcc "../Core/Src/timer_ISR.c" -mcpu=cortex-m4 -std=gnu11 -g3 -DDEBUG -DUSE_HAL_DRIVER -DSTM32F407xx -c -I../Core/Inc -I../Drivers/STM32F4xx_HAL_Driver/Inc -I../Drivers/STM32F4xx_HAL_Driver/Inc/Legacy -I../Drivers/CMSIS/Device/ST/STM32F4xx/Include -I../Drivers/CMSIS/Include -O0 -ffunction-sections -fdata-sections -Wall -fstack-usage -MMD -MP -MF"Core/Src/timer_ISR.d" -MT"Core/Src/timer_ISR.o" --specs=nano.specs -mfpu=fpv4-sp-d16 -mfloat-abi=hard -mthumb -o "Core/Src/timer_ISR.o"
In file included from ../Core/Src/main.c:33:
../Core/Inc/lcd.h:84:17: warning: inline function 'LCD_RD_DATA' declared but never defined
   84 | inline uint16_t LCD_RD_DATA(void);
      |                 ^~~~~~~~~~~
../Core/Inc/lcd.h:83:13: warning: inline function 'LCD_WR_DATA' declared but never defined
   83 | inline void LCD_WR_DATA(uint16_t data);
      |             ^~~~~~~~~~~
../Core/Src/timer_ISR.c: In function 'HAL_TIM_PeriodElapsedCallback':
../Core/Src/timer_ISR.c:11:3: warning: implicit declaration of function 'timerRun'; did you mean 'timerBegin'? [-Wimplicit-function-declaration]
   11 |   timerRun();
      |   ^~~~~~~~
      |   timerBegin
arm-none-eabi-gcc -o "Bai4_I2C_Realtimeclock.elf" @"objects.list"   -mcpu=cortex-m4 -T"D:\Documents\Github\ES_Lab2\Bai4_I2C_Realtimeclock\STM32F407ZGTX_FLASH.ld" --specs=nosys.specs -Wl,-Map="Bai4_I2C_Realtimeclock.map" -Wl,--gc-sections -static --specs=nano.specs -mfpu=fpv4-sp-d16 -mfloat-abi=hard -mthumb -Wl,--start-group -lc -lm -Wl,--end-group
Finished building target: Bai4_I2C_Realtimeclock.elf
 
arm-none-eabi-size   Bai4_I2C_Realtimeclock.elf 
arm-none-eabi-objdump -h -S  Bai4_I2C_Realtimeclock.elf  > "Bai4_I2C_Realtimeclock.list"
   text	   data	    bss	    dec	    hex	filename
  33276	     24	   1992	  35292	   89dc	Bai4_I2C_Realtimeclock.elf
Finished building: default.size.stdout
 
Finished building: Bai4_I2C_Realtimeclock.list
 
10:21:11 **** Incremental Build of configuration Debug for project Bai4_I2C_Realtimeclock ****
make -j12 all 
arm-none-eabi-gcc "../Core/Src/main.c" -mcpu=cortex-m4 -std=gnu11 -g3 -DDEBUG -DUSE_HAL_DRIVER -DSTM32F407xx -c -I../Core/Inc -I../Drivers/STM32F4xx_HAL_Driver/Inc -I../Drivers/STM32F4xx_HAL_Driver/Inc/Legacy -I../Drivers/CMSIS/Device/ST/STM32F4xx/Include -I../Drivers/CMSIS/Include -O0 -ffunction-sections -fdata-sections -Wall -fstack-usage -MMD -MP -MF"Core/Src/main.d" -MT"Core/Src/main.o" --specs=nano.specs -mfpu=fpv4-sp-d16 -mfloat-abi=hard -mthumb -o "Core/Src/main.o"
In file included from ../Core/Src/main.c:33:
../Core/Inc/lcd.h:84:17: warning: inline function 'LCD_RD_DATA' declared but never defined
   84 | inline uint16_t LCD_RD_DATA(void);
      |                 ^~~~~~~~~~~
../Core/Inc/lcd.h:83:13: warning: inline function 'LCD_WR_DATA' declared but never defined
   83 | inline void LCD_WR_DATA(uint16_t data);
      |             ^~~~~~~~~~~
arm-none-eabi-gcc -o "Bai4_I2C_Realtimeclock.elf" @"objects.list"   -mcpu=cortex-m4 -T"D:\Documents\Github\ES_Lab2\Bai4_I2C_Realtimeclock\STM32F407ZGTX_FLASH.ld" --specs=nosys.specs -Wl,-Map="Bai4_I2C_Realtimeclock.map" -Wl,--gc-sections -static --specs=nano.specs -mfpu=fpv4-sp-d16 -mfloat-abi=hard -mthumb -Wl,--start-group -lc -lm -Wl,--end-group
Finished building target: Bai4_I2C_Realtimeclock.elf
 
arm-none-eabi-size   Bai4_I2C_Realtimeclock.elf 
arm-none-eabi-objdump -h -S  Bai4_I2C_Realtimeclock.elf  > "Bai4_I2C_Realtimeclock.list"
   text	   data	    bss	    dec	    hex	filename
  33212	     24	   2000	  35236	   89a4	Bai4_I2C_Realtimeclock.elf
Finished building: default.size.stdout
 
Finished building: Bai4_I2C_Realtimeclock.list
 
10:29:36 **** Incremental Build of configuration Debug for project Bai4_I2C_Realtimeclock ****
make -j12 all 
arm-none-eabi-gcc "../Core/Src/FSM_for_all_system.c" -mcpu=cortex-m4 -std=gnu11 -g3 -DDEBUG -DUSE_HAL_DRIVER -DSTM32F407xx -c -I../Core/Inc -I../Drivers/STM32F4xx_HAL_Driver/Inc -I../Drivers/STM32F4xx_HAL_Driver/Inc/Legacy -I../Drivers/CMSIS/Device/ST/STM32F4xx/Include -I../Drivers/CMSIS/Include -O0 -ffunction-sections -fdata-sections -Wall -fstack-usage -MMD -MP -MF"Core/Src/FSM_for_all_system.d" -MT"Core/Src/FSM_for_all_system.o" --specs=nano.specs -mfpu=fpv4-sp-d16 -mfloat-abi=hard -mthumb -o "Core/Src/FSM_for_all_system.o"
arm-none-eabi-gcc "../Core/Src/main.c" -mcpu=cortex-m4 -std=gnu11 -g3 -DDEBUG -DUSE_HAL_DRIVER -DSTM32F407xx -c -I../Core/Inc -I../Drivers/STM32F4xx_HAL_Driver/Inc -I../Drivers/STM32F4xx_HAL_Driver/Inc/Legacy -I../Drivers/CMSIS/Device/ST/STM32F4xx/Include -I../Drivers/CMSIS/Include -O0 -ffunction-sections -fdata-sections -Wall -fstack-usage -MMD -MP -MF"Core/Src/main.d" -MT"Core/Src/main.o" --specs=nano.specs -mfpu=fpv4-sp-d16 -mfloat-abi=hard -mthumb -o "Core/Src/main.o"
../Core/Src/FSM_for_all_system.c: In function 'fsm_for_input_processing':
../Core/Src/FSM_for_all_system.c:30:4: warning: implicit declaration of function 'ds3231_ReadTime' [-Wimplicit-function-declaration]
   30 |    ds3231_ReadTime();
      |    ^~~~~~~~~~~~~~~
In file included from ../Core/Src/main.c:33:
../Core/Inc/lcd.h:84:17: warning: inline function 'LCD_RD_DATA' declared but never defined
   84 | inline uint16_t LCD_RD_DATA(void);
      |                 ^~~~~~~~~~~
../Core/Inc/lcd.h:83:13: warning: inline function 'LCD_WR_DATA' declared but never defined
   83 | inline void LCD_WR_DATA(uint16_t data);
      |             ^~~~~~~~~~~
../Core/Src/FSM_for_all_system.c:31:4: warning: implicit declaration of function 'displayTime' [-Wimplicit-function-declaration]
   31 |    displayTime();
      |    ^~~~~~~~~~~
arm-none-eabi-gcc -o "Bai4_I2C_Realtimeclock.elf" @"objects.list"   -mcpu=cortex-m4 -T"D:\Documents\Github\ES_Lab2\Bai4_I2C_Realtimeclock\STM32F407ZGTX_FLASH.ld" --specs=nosys.specs -Wl,-Map="Bai4_I2C_Realtimeclock.map" -Wl,--gc-sections -static --specs=nano.specs -mfpu=fpv4-sp-d16 -mfloat-abi=hard -mthumb -Wl,--start-group -lc -lm -Wl,--end-group
Finished building target: Bai4_I2C_Realtimeclock.elf
 
arm-none-eabi-size   Bai4_I2C_Realtimeclock.elf 
arm-none-eabi-objdump -h -S  Bai4_I2C_Realtimeclock.elf  > "Bai4_I2C_Realtimeclock.list"
   text	   data	    bss	    dec	    hex	filename
  18012	     20	   1988	  20020	   4e34	Bai4_I2C_Realtimeclock.elf
Finished building: default.size.stdout
 
Finished building: Bai4_I2C_Realtimeclock.list
 
10:30:40 **** Incremental Build of configuration Debug for project Bai4_I2C_Realtimeclock ****
make -j12 all 
arm-none-eabi-size   Bai4_I2C_Realtimeclock.elf 
   text	   data	    bss	    dec	    hex	filename
  18012	     20	   1988	  20020	   4e34	Bai4_I2C_Realtimeclock.elf
Finished building: default.size.stdout
 
10:31:25 **** Incremental Build of configuration Debug for project Bai4_I2C_Realtimeclock ****
make -j12 all 
arm-none-eabi-gcc "../Core/Src/main.c" -mcpu=cortex-m4 -std=gnu11 -g3 -DDEBUG -DUSE_HAL_DRIVER -DSTM32F407xx -c -I../Core/Inc -I../Drivers/STM32F4xx_HAL_Driver/Inc -I../Drivers/STM32F4xx_HAL_Driver/Inc/Legacy -I../Drivers/CMSIS/Device/ST/STM32F4xx/Include -I../Drivers/CMSIS/Include -O0 -ffunction-sections -fdata-sections -Wall -fstack-usage -MMD -MP -MF"Core/Src/main.d" -MT"Core/Src/main.o" --specs=nano.specs -mfpu=fpv4-sp-d16 -mfloat-abi=hard -mthumb -o "Core/Src/main.o"
In file included from ../Core/Src/main.c:33:
../Core/Inc/lcd.h:84:17: warning: inline function 'LCD_RD_DATA' declared but never defined
   84 | inline uint16_t LCD_RD_DATA(void);
      |                 ^~~~~~~~~~~
../Core/Inc/lcd.h:83:13: warning: inline function 'LCD_WR_DATA' declared but never defined
   83 | inline void LCD_WR_DATA(uint16_t data);
      |             ^~~~~~~~~~~
arm-none-eabi-gcc -o "Bai4_I2C_Realtimeclock.elf" @"objects.list"   -mcpu=cortex-m4 -T"D:\Documents\Github\ES_Lab2\Bai4_I2C_Realtimeclock\STM32F407ZGTX_FLASH.ld" --specs=nosys.specs -Wl,-Map="Bai4_I2C_Realtimeclock.map" -Wl,--gc-sections -static --specs=nano.specs -mfpu=fpv4-sp-d16 -mfloat-abi=hard -mthumb -Wl,--start-group -lc -lm -Wl,--end-group
Finished building target: Bai4_I2C_Realtimeclock.elf
 
arm-none-eabi-size   Bai4_I2C_Realtimeclock.elf 
arm-none-eabi-objdump -h -S  Bai4_I2C_Realtimeclock.elf  > "Bai4_I2C_Realtimeclock.list"
   text	   data	    bss	    dec	    hex	filename
  31224	     24	   2000	  33248	   81e0	Bai4_I2C_Realtimeclock.elf
Finished building: default.size.stdout
 
Finished building: Bai4_I2C_Realtimeclock.list
 
10:32:12 **** Incremental Build of configuration Debug for project Bai4_I2C_Realtimeclock ****
make -j12 all 
arm-none-eabi-gcc "../Core/Src/main.c" -mcpu=cortex-m4 -std=gnu11 -g3 -DDEBUG -DUSE_HAL_DRIVER -DSTM32F407xx -c -I../Core/Inc -I../Drivers/STM32F4xx_HAL_Driver/Inc -I../Drivers/STM32F4xx_HAL_Driver/Inc/Legacy -I../Drivers/CMSIS/Device/ST/STM32F4xx/Include -I../Drivers/CMSIS/Include -O0 -ffunction-sections -fdata-sections -Wall -fstack-usage -MMD -MP -MF"Core/Src/main.d" -MT"Core/Src/main.o" --specs=nano.specs -mfpu=fpv4-sp-d16 -mfloat-abi=hard -mthumb -o "Core/Src/main.o"
../Core/Src/main.c: In function 'main':
../Core/Src/main.c:117:4: warning: implicit declaration of function 'fsm_for_input_processing' [-Wimplicit-function-declaration]
  117 |    fsm_for_input_processing();
      |    ^~~~~~~~~~~~~~~~~~~~~~~~
In file included from ../Core/Src/main.c:33:
../Core/Src/main.c: At top level:
../Core/Inc/lcd.h:84:17: warning: inline function 'LCD_RD_DATA' declared but never defined
   84 | inline uint16_t LCD_RD_DATA(void);
      |                 ^~~~~~~~~~~
../Core/Inc/lcd.h:83:13: warning: inline function 'LCD_WR_DATA' declared but never defined
   83 | inline void LCD_WR_DATA(uint16_t data);
      |             ^~~~~~~~~~~
arm-none-eabi-gcc -o "Bai4_I2C_Realtimeclock.elf" @"objects.list"   -mcpu=cortex-m4 -T"D:\Documents\Github\ES_Lab2\Bai4_I2C_Realtimeclock\STM32F407ZGTX_FLASH.ld" --specs=nosys.specs -Wl,-Map="Bai4_I2C_Realtimeclock.map" -Wl,--gc-sections -static --specs=nano.specs -mfpu=fpv4-sp-d16 -mfloat-abi=hard -mthumb -Wl,--start-group -lc -lm -Wl,--end-group
Finished building target: Bai4_I2C_Realtimeclock.elf
 
arm-none-eabi-size   Bai4_I2C_Realtimeclock.elf 
arm-none-eabi-objdump -h -S  Bai4_I2C_Realtimeclock.elf  > "Bai4_I2C_Realtimeclock.list"
   text	   data	    bss	    dec	    hex	filename
  33328	     24	   2000	  35352	   8a18	Bai4_I2C_Realtimeclock.elf
Finished building: default.size.stdout
 
Finished building: Bai4_I2C_Realtimeclock.list
 
